// Jest Snapshot v1, https://goo.gl/fbAQLP

exports[`Our components are functioning render correctly to the DOM 1`] = `
<section>
  <form
    onSubmit={[Function]}
  >
    <input
      className="inputs"
      onChange={[Function]}
      placeholder="to do"
      type="text"
    />
    <br />
    <input
      className="inputs"
      onChange={[Function]}
      placeholder="assignee"
      type="text"
    />
    <br />
    <label>
      <input
        className="inputs"
        defaultValue="3"
        max="5"
        min="0"
        onChange={[Function]}
        placeholder="difficuly from 1-5"
        type="range"
      />
       
      <br />
    </label>
    <label
      className="container"
    >
      <input
        onClick={[Function]}
        type="checkbox"
      />
      <span
        id="state"
      >
         State
      </span>
      <span
        className="checkmark"
      />
    </label>
    <button>
      Add to List
    </button>
  </form>
  <p
    id="title"
  >
     To Do Items  
  </p>
</section>
`;
